{
    "protocols": [
        {
            "content": {
                "protocol_core": {
                    "protocol_name": "Extracting cells from lymph nodes", 
                    "document": "TissueDissociationProtocol.pdf", 
                    "protocol_id": "tissue_dissociation_protocol"
                }, 
                "describedBy": "https://schema.humancellatlas.org/type/protocol/5.1.0/protocol", 
                "schema_type": "protocol"
            }, 
            "hca_ingest": {
                "accession": "", 
                "submissionDate": "2018-03-28T13:51:08.094Z", 
                "updateDate": "2018-03-28T13:51:15.427Z", 
                "document_id": "6a04c2c7-aaa2-4deb-908c-15faadba8775"
            }
        }, 
        {
            "content": {
                "protocol_core": {
                    "protocol_name": "FACS sorting cells by surface markers", 
                    "document": "FACSsortingProtocol.pdf", 
                    "protocol_id": "FACS_sorting_protocol"
                }, 
                "describedBy": "https://schema.humancellatlas.org/type/protocol/5.1.0/protocol", 
                "schema_type": "protocol"
            }, 
            "hca_ingest": {
                "accession": "", 
                "submissionDate": "2018-03-28T13:51:08.104Z", 
                "updateDate": "2018-03-28T13:51:15.468Z", 
                "document_id": "d26b3529-f0cf-4969-8bbc-5e6eb28ab4cc"
            }
        }, 
        {
            "content": {
                "protocol_core": {
                    "protocol_name": "Make/amplify cDNA for each cell", 
                    "document": "SmartSeq2_RTPCR_protocol.pdf", 
                    "protocol_id": "SmartSeq2_RTPCR_protocol"
                }, 
                "describedBy": "https://schema.humancellatlas.org/type/protocol/5.1.0/protocol", 
                "protocol_type": {
                    "text": "Smart-seq2 protocol", 
                    "ontology": "EFO:0008442"
                }, 
                "schema_type": "protocol"
            }, 
            "hca_ingest": {
                "accession": "", 
                "submissionDate": "2018-03-28T13:51:08.115Z", 
                "updateDate": "2018-03-28T13:51:15.440Z", 
                "document_id": "92300067-cf51-4ed8-95f5-cedc41ce9af1"
            }
        }, 
        {
            "content": {
                "protocol_core": {
                    "protocol_name": "Sequencing SmartSeq2 cells", 
                    "protocol_id": "SmartSeq2_sequencing_protocol"
                }, 
                "describedBy": "https://schema.humancellatlas.org/type/protocol/5.1.0/protocol", 
                "schema_type": "protocol"
            }, 
            "hca_ingest": {
                "accession": "", 
                "submissionDate": "2018-03-28T13:51:08.125Z", 
                "updateDate": "2018-03-28T13:51:15.429Z", 
                "document_id": "8d6db096-f623-4e02-ab07-6aefe218c2dd"
            }
        }
    ], 
    "describedBy": "https://schema.humancellatlas.org/bundle/5.1.0/protocol", 
    "schema_version": "5.1.0", 
    "schema_type": "protocol_bundle"
}