{
    "fileProjectMap": {
        "new-uuid": [
            "a9284a42-b7b8-4255-9536-2c731bdc0ad5"
        ]
    }, 
    "dataFiles": [
        "33aa0769-c1cc-434e-a5bb-c166b4fa89df", 
        "2b6f539d-b2a2-445d-8c7e-96e2e525e670"
    ],
    "fileProtocolMap": {
        "new-uuid": [
            "6a04c2c7-aaa2-4deb-908c-15faadba8775", 
            "d26b3529-f0cf-4969-8bbc-5e6eb28ab4cc", 
            "92300067-cf51-4ed8-95f5-cedc41ce9af1", 
            "8d6db096-f623-4e02-ab07-6aefe218c2dd"
        ]
    }, 
    "envelopeUuid": "c2f94466-adee-4aac-b8d0-1e864fa5f8e8", 
    "bundleUuid": "new-uuid", 
    "fileBiomaterialMap": {
        "new-uuid": [
            "47551530-cb55-48f3-8afa-6744cc641297", 
            "a7d27b7c-37e4-41a4-a630-b096c8bd1aa4", 
            "c0dc1b0a-f0a6-4171-9315-87a54dfb2197"
        ]
    }, 
    "fileProcessMap": {
        "new-uuid": [
            "6fc87bef-5268-42d1-a27d-a9660194c2fc", 
            "d7c48e85-3c6d-4f4d-bac4-b17c6ebe0785", 
            "dd0b067e-c75a-46e4-b5fd-035ec7c63095", 
            "d2df18fe-cb09-4f01-8dc9-0bdfe91550e5", 
            "58cb3079-c313-4e2a-96f6-bb979057eca6"
        ]
    }, 
    "fileFilesMap": {
        "new-uuid": [
            "33aa0769-c1cc-434e-a5bb-c166b4fa89df", 
            "2b6f539d-b2a2-445d-8c7e-96e2e525e670"
        ]
    }
}