{
    "protocol_core": {
        "protocol_id": "dis_protocol_1",
        "protocol_description": "dissociating tissues into single cells"
    },
    "schema_type": "protocol",
    "describedBy": "https://schema.humancellatlas.org/type/protocol/5.1.0/protocol"
}