{
    "process_core": {
        "process_id": "dis_proc_1"
    },
    "dissociation_method": "FACS",
    "nucleic_acid_source": "single cell",
    "schema_type": "process",
    "describedBy": "https://schema.humancellatlas.org/type/process/biomaterial_collection/5.1.0/dissociation_process"
}