{
    "biomaterial_core": {
        "biomaterial_id": "BT_S1",
        "ncbi_taxon_id": [
            9606
        ]
    },
    "genus_species": [
        {
            "text": "Homo sapiens",
            "ontology": "NCBITaxon:9606"
        }
    ],
    "is_living": true,
    "biological_sex": "unknown",
    "schema_type": "biomaterial",
    "describedBy": "https://schema.humancellatlas.org/type/biomaterial/5.1.0/donor_organism"
}