[
    "biomaterial_BT_S1-project_dummy_project_id",
    "biomaterial_BT_S2-project_dummy_project_id",
    "biomaterial_BT_S4-project_dummy_project_id",
    "biomaterial_BT_S6-project_dummy_project_id",
    "biomaterial_BT_S1_T-project_dummy_project_id",
    "biomaterial_BT_S1_P-project_dummy_project_id",
    "biomaterial_BT_S2_T-project_dummy_project_id",
    "biomaterial_BT_S2_P-project_dummy_project_id",
    "biomaterial_BT_S4_T-project_dummy_project_id",
    "biomaterial_BT_S4_P-project_dummy_project_id",
    "biomaterial_BT_S6_T-project_dummy_project_id",
    "biomaterial_BT_S6_P-project_dummy_project_id",
    "biomaterial_GSM2243439-project_dummy_project_id",
    "biomaterial_GSM2243441-project_dummy_project_id",
    "process_dis_proc_1-project_dummy_project_id",
    "process_dis_proc_1-biomaterial_dis_proc_1",
    "process_dis_proc_1-biomaterial_dis_proc_2",
    "process_dis_proc_1-biomaterial_dis_proc_3",
    "process_dis_proc_1-biomaterial_dis_proc_4",
    "process_dis_proc_1-biomaterial_dis_proc_5",
    "process_dis_proc_1-biomaterial_dis_proc_6",
    "process_dis_proc_1-biomaterial_dis_proc_7",
    "process_dis_proc_1-biomaterial_dis_proc_8",
    "process_dis_proc_1-biomaterial_wrapper_process_1",
    "process_dis_proc_1-biomaterial_wrapper_process_2",
    "process_dis_proc_2-project_dummy_project_id",
    "process_dis_proc_2-biomaterial_dis_proc_1",
    "process_dis_proc_2-biomaterial_dis_proc_2",
    "process_dis_proc_2-biomaterial_dis_proc_3",
    "process_dis_proc_2-biomaterial_dis_proc_4",
    "process_dis_proc_2-biomaterial_dis_proc_5",
    "process_dis_proc_2-biomaterial_dis_proc_6",
    "process_dis_proc_2-biomaterial_dis_proc_7",
    "process_dis_proc_2-biomaterial_dis_proc_8",
    "process_dis_proc_2-biomaterial_wrapper_process_1",
    "process_dis_proc_2-biomaterial_wrapper_process_2",
    "process_dis_proc_3-project_dummy_project_id",
    "process_dis_proc_3-biomaterial_dis_proc_1",
    "process_dis_proc_3-biomaterial_dis_proc_2",
    "process_dis_proc_3-biomaterial_dis_proc_3",
    "process_dis_proc_3-biomaterial_dis_proc_4",
    "process_dis_proc_3-biomaterial_dis_proc_5",
    "process_dis_proc_3-biomaterial_dis_proc_6",
    "process_dis_proc_3-biomaterial_dis_proc_7",
    "process_dis_proc_3-biomaterial_dis_proc_8",
    "process_dis_proc_3-biomaterial_wrapper_process_1",
    "process_dis_proc_3-biomaterial_wrapper_process_2",
    "process_dis_proc_4-project_dummy_project_id",
    "process_dis_proc_4-biomaterial_dis_proc_1",
    "process_dis_proc_4-biomaterial_dis_proc_2",
    "process_dis_proc_4-biomaterial_dis_proc_3",
    "process_dis_proc_4-biomaterial_dis_proc_4",
    "process_dis_proc_4-biomaterial_dis_proc_5",
    "process_dis_proc_4-biomaterial_dis_proc_6",
    "process_dis_proc_4-biomaterial_dis_proc_7",
    "process_dis_proc_4-biomaterial_dis_proc_8",
    "process_dis_proc_4-biomaterial_wrapper_process_1",
    "process_dis_proc_4-biomaterial_wrapper_process_2",
    "process_dis_proc_5-project_dummy_project_id",
    "process_dis_proc_5-biomaterial_dis_proc_1",
    "process_dis_proc_5-biomaterial_dis_proc_2",
    "process_dis_proc_5-biomaterial_dis_proc_3",
    "process_dis_proc_5-biomaterial_dis_proc_4",
    "process_dis_proc_5-biomaterial_dis_proc_5",
    "process_dis_proc_5-biomaterial_dis_proc_6",
    "process_dis_proc_5-biomaterial_dis_proc_7",
    "process_dis_proc_5-biomaterial_dis_proc_8",
    "process_dis_proc_5-biomaterial_wrapper_process_1",
    "process_dis_proc_5-biomaterial_wrapper_process_2",
    "process_dis_proc_6-project_dummy_project_id",
    "process_dis_proc_6-biomaterial_dis_proc_1",
    "process_dis_proc_6-biomaterial_dis_proc_2",
    "process_dis_proc_6-biomaterial_dis_proc_3",
    "process_dis_proc_6-biomaterial_dis_proc_4",
    "process_dis_proc_6-biomaterial_dis_proc_5",
    "process_dis_proc_6-biomaterial_dis_proc_6",
    "process_dis_proc_6-biomaterial_dis_proc_7",
    "process_dis_proc_6-biomaterial_dis_proc_8",
    "process_dis_proc_6-biomaterial_wrapper_process_1",
    "process_dis_proc_6-biomaterial_wrapper_process_2",
    "process_dis_proc_7-project_dummy_project_id",
    "process_dis_proc_7-biomaterial_dis_proc_1",
    "process_dis_proc_7-biomaterial_dis_proc_2",
    "process_dis_proc_7-biomaterial_dis_proc_3",
    "process_dis_proc_7-biomaterial_dis_proc_4",
    "process_dis_proc_7-biomaterial_dis_proc_5",
    "process_dis_proc_7-biomaterial_dis_proc_6",
    "process_dis_proc_7-biomaterial_dis_proc_7",
    "process_dis_proc_7-biomaterial_dis_proc_8",
    "process_dis_proc_7-biomaterial_wrapper_process_1",
    "process_dis_proc_7-biomaterial_wrapper_process_2",
    "process_dis_proc_8-project_dummy_project_id",
    "process_dis_proc_8-biomaterial_dis_proc_1",
    "process_dis_proc_8-biomaterial_dis_proc_2",
    "process_dis_proc_8-biomaterial_dis_proc_3",
    "process_dis_proc_8-biomaterial_dis_proc_4",
    "process_dis_proc_8-biomaterial_dis_proc_5",
    "process_dis_proc_8-biomaterial_dis_proc_6",
    "process_dis_proc_8-biomaterial_dis_proc_7",
    "process_dis_proc_8-biomaterial_dis_proc_8",
    "process_dis_proc_8-biomaterial_wrapper_process_1",
    "process_dis_proc_8-biomaterial_wrapper_process_2",
    "process_lib_prep_proc_1-project_dummy_project_id",
    "process_lib_prep_proc_1-biomaterial_dis_proc_1",
    "process_lib_prep_proc_1-biomaterial_dis_proc_2",
    "process_lib_prep_proc_1-biomaterial_dis_proc_3",
    "process_lib_prep_proc_1-biomaterial_dis_proc_4",
    "process_lib_prep_proc_1-biomaterial_dis_proc_5",
    "process_lib_prep_proc_1-biomaterial_dis_proc_6",
    "process_lib_prep_proc_1-biomaterial_dis_proc_7",
    "process_lib_prep_proc_1-biomaterial_dis_proc_8",
    "process_lib_prep_proc_1-biomaterial_wrapper_process_1",
    "process_lib_prep_proc_1-biomaterial_wrapper_process_2",
    "process_seq_proc_1-project_dummy_project_id",
    "process_seq_proc_1-biomaterial_dis_proc_1",
    "process_seq_proc_1-biomaterial_dis_proc_2",
    "process_seq_proc_1-biomaterial_dis_proc_3",
    "process_seq_proc_1-biomaterial_dis_proc_4",
    "process_seq_proc_1-biomaterial_dis_proc_5",
    "process_seq_proc_1-biomaterial_dis_proc_6",
    "process_seq_proc_1-biomaterial_dis_proc_7",
    "process_seq_proc_1-biomaterial_dis_proc_8",
    "process_seq_proc_1-biomaterial_wrapper_process_1",
    "process_seq_proc_1-biomaterial_wrapper_process_2",
    "process_seq_proc_2-project_dummy_project_id",
    "process_seq_proc_2-biomaterial_dis_proc_1",
    "process_seq_proc_2-biomaterial_dis_proc_2",
    "process_seq_proc_2-biomaterial_dis_proc_3",
    "process_seq_proc_2-biomaterial_dis_proc_4",
    "process_seq_proc_2-biomaterial_dis_proc_5",
    "process_seq_proc_2-biomaterial_dis_proc_6",
    "process_seq_proc_2-biomaterial_dis_proc_7",
    "process_seq_proc_2-biomaterial_dis_proc_8",
    "process_seq_proc_2-biomaterial_wrapper_process_1",
    "process_seq_proc_2-biomaterial_wrapper_process_2",
    "process_wrapper_process_1-project_dummy_project_id",
    "process_wrapper_process_1-biomaterial_dis_proc_1",
    "process_wrapper_process_1-biomaterial_dis_proc_2",
    "process_wrapper_process_1-biomaterial_dis_proc_3",
    "process_wrapper_process_1-biomaterial_dis_proc_4",
    "process_wrapper_process_1-biomaterial_dis_proc_5",
    "process_wrapper_process_1-biomaterial_dis_proc_6",
    "process_wrapper_process_1-biomaterial_dis_proc_7",
    "process_wrapper_process_1-biomaterial_dis_proc_8",
    "process_wrapper_process_1-biomaterial_wrapper_process_1",
    "process_wrapper_process_1-biomaterial_wrapper_process_2",
    "process_wrapper_process_1-file_SRR3934349_1.fastq.gz",
    "process_wrapper_process_1-file_SRR3934349_2.fastq.gz",
    "process_wrapper_process_2-project_dummy_project_id",
    "process_wrapper_process_2-biomaterial_dis_proc_1",
    "process_wrapper_process_2-biomaterial_dis_proc_2",
    "process_wrapper_process_2-biomaterial_dis_proc_3",
    "process_wrapper_process_2-biomaterial_dis_proc_4",
    "process_wrapper_process_2-biomaterial_dis_proc_5",
    "process_wrapper_process_2-biomaterial_dis_proc_6",
    "process_wrapper_process_2-biomaterial_dis_proc_7",
    "process_wrapper_process_2-biomaterial_dis_proc_8",
    "process_wrapper_process_2-biomaterial_wrapper_process_1",
    "process_wrapper_process_2-biomaterial_wrapper_process_2",
    "process_wrapper_process_2-file_SRR3934351_1.fastq.gz",
    "process_wrapper_process_2-file_SRR3934351_2.fastq.gz"
]