{
    "content": {
        "project_core": {
            "project_shortname": "dummy_project_id"
        }
    }
}