{
    "process_core": {
        "process_id": "seq_proc_1"
    },
    "instrument_manufacturer_model": {
        "text": "Illumina NextSeq 500"
    },
    "paired_ends": true,
    "smartseq2": {
        "plate_id": "1001000173",
        "well_name": "G8"
    },
    "schema_type": "process",
    "describedBy": "https://schema.humancellatlas.org/type/process/sequencing/5.1.0/sequencing_process"
}