{
    "biomaterial_core": {
        "biomaterial_id": "BT_S2_T",
        "biomaterial_description": "Tumor",
        "ncbi_taxon_id": [
            9606
        ],
        "has_input_biomaterial": "BT_S2"
    },
    "genus_species": [
        {
            "text": "Homo sapiens",
            "ontology": "NCBITaxon:9606"
        }
    ],
    "organ": {
        "text": "brain",
        "ontology": "UBERON:0000955"
    },
    "organ_part": {
        "text": "temporal lobe"
    },
    "schema_type": "biomaterial",
    "describedBy": "https://schema.humancellatlas.org/type/biomaterial/5.1.0/specimen_from_organism"
}