{
    "biomaterial_core": {
        "biomaterial_id": "GSM2243439",
        "biomaterial_name": "Single cell from Tumor,1001000173.G8",
        "ncbi_taxon_id": [
            9606
        ],
        "has_input_biomaterial": "BT_S2_T",
        "supplementary_files": [
            "ftp://ftp.ncbi.nlm.nih.gov/geo/samples/GSM2243nnn/GSM2243439/suppl/GSM2243439_1001000173.G8.csv.gz"
        ],
        "biosd_biomaterial": "SAMN05421106"
    },
    "genus_species": [
        {
            "text": "Homo sapiens",
            "ontology": "NCBITaxon:9606"
        }
    ],
    "total_estimated_cells": 1,
    "schema_type": "biomaterial",
    "describedBy": "https://schema.humancellatlas.org/type/biomaterial/5.1.0/cell_suspension"
}