{
    "links": [
        {
            "source_id": "33aa0769-c1cc-434e-a5bb-c166b4fa89df", 
            "source_type": "file", 
            "destination_id": "d0a37ab3-5e68-4bbb-b0e9-ea32bc723a52", 
            "destination_type": "analysis_process"
        }, 
        {
            "source_id": "2b6f539d-b2a2-445d-8c7e-96e2e525e670", 
            "source_type": "file", 
            "destination_id": "d0a37ab3-5e68-4bbb-b0e9-ea32bc723a52", 
            "destination_type": "analysis_process"
        }, 
        {
            "source_id": "d0a37ab3-5e68-4bbb-b0e9-ea32bc723a52", 
            "source_type": "analysis_process", 
            "destination_id": "c0523a60-cb45-43fd-8718-2eaff1dcdf30", 
            "destination_type": "file"
        }, 
        {
            "source_id": "47551530-cb55-48f3-8afa-6744cc641297", 
            "source_type": "biomaterial", 
            "destination_id": "d2df18fe-cb09-4f01-8dc9-0bdfe91550e5", 
            "destination_type": "library_preparation_process"
        }, 
        {
            "source_id": "d2df18fe-cb09-4f01-8dc9-0bdfe91550e5", 
            "source_type": "library_preparation_process", 
            "destination_id": "92300067-cf51-4ed8-95f5-cedc41ce9af1", 
            "destination_type": "protocol"
        }, 
        {
            "source_id": "d2df18fe-cb09-4f01-8dc9-0bdfe91550e5", 
            "source_type": "library_preparation_process", 
            "destination_id": "33aa0769-c1cc-434e-a5bb-c166b4fa89df", 
            "destination_type": "file"
        }, 
        {
            "source_id": "d2df18fe-cb09-4f01-8dc9-0bdfe91550e5", 
            "source_type": "library_preparation_process", 
            "destination_id": "2b6f539d-b2a2-445d-8c7e-96e2e525e670", 
            "destination_type": "file"
        }, 
        {
            "source_id": "47551530-cb55-48f3-8afa-6744cc641297", 
            "source_type": "biomaterial", 
            "destination_id": "58cb3079-c313-4e2a-96f6-bb979057eca6", 
            "destination_type": "sequencing_process"
        }, 
        {
            "source_id": "58cb3079-c313-4e2a-96f6-bb979057eca6", 
            "source_type": "sequencing_process", 
            "destination_id": "8d6db096-f623-4e02-ab07-6aefe218c2dd", 
            "destination_type": "protocol"
        }, 
        {
            "source_id": "58cb3079-c313-4e2a-96f6-bb979057eca6", 
            "source_type": "sequencing_process", 
            "destination_id": "33aa0769-c1cc-434e-a5bb-c166b4fa89df", 
            "destination_type": "file"
        }, 
        {
            "source_id": "58cb3079-c313-4e2a-96f6-bb979057eca6", 
            "source_type": "sequencing_process", 
            "destination_id": "2b6f539d-b2a2-445d-8c7e-96e2e525e670", 
            "destination_type": "file"
        }, 
        {
            "source_id": "a7d27b7c-37e4-41a4-a630-b096c8bd1aa4", 
            "source_type": "biomaterial", 
            "destination_id": "6fc87bef-5268-42d1-a27d-a9660194c2fc", 
            "destination_type": "dissociation_process"
        }, 
        {
            "source_id": "6fc87bef-5268-42d1-a27d-a9660194c2fc", 
            "source_type": "dissociation_process", 
            "destination_id": "6a04c2c7-aaa2-4deb-908c-15faadba8775", 
            "destination_type": "protocol"
        }, 
        {
            "source_id": "6fc87bef-5268-42d1-a27d-a9660194c2fc", 
            "source_type": "dissociation_process", 
            "destination_id": "47551530-cb55-48f3-8afa-6744cc641297", 
            "destination_type": "biomaterial"
        }, 
        {
            "source_id": "a7d27b7c-37e4-41a4-a630-b096c8bd1aa4", 
            "source_type": "biomaterial", 
            "destination_id": "dd0b067e-c75a-46e4-b5fd-035ec7c63095", 
            "destination_type": "enrichment_process"
        }, 
        {
            "source_id": "dd0b067e-c75a-46e4-b5fd-035ec7c63095", 
            "source_type": "enrichment_process", 
            "destination_id": "d26b3529-f0cf-4969-8bbc-5e6eb28ab4cc", 
            "destination_type": "protocol"
        }, 
        {
            "source_id": "dd0b067e-c75a-46e4-b5fd-035ec7c63095", 
            "source_type": "enrichment_process", 
            "destination_id": "47551530-cb55-48f3-8afa-6744cc641297", 
            "destination_type": "biomaterial"
        }, 
        {
            "source_id": "c0dc1b0a-f0a6-4171-9315-87a54dfb2197", 
            "source_type": "biomaterial", 
            "destination_id": "d7c48e85-3c6d-4f4d-bac4-b17c6ebe0785", 
            "destination_type": "process"
        }, 
        {
            "source_id": "d7c48e85-3c6d-4f4d-bac4-b17c6ebe0785", 
            "source_type": "process", 
            "destination_id": "a7d27b7c-37e4-41a4-a630-b096c8bd1aa4", 
            "destination_type": "biomaterial"
        }, 
        {
            "source_id": "47551530-cb55-48f3-8afa-6744cc641297", 
            "source_type": "biomaterial", 
            "destination_id": "d2df18fe-cb09-4f01-8dc9-0bdfe91550e5", 
            "destination_type": "library_preparation_process"
        }, 
        {
            "source_id": "d2df18fe-cb09-4f01-8dc9-0bdfe91550e5", 
            "source_type": "library_preparation_process", 
            "destination_id": "92300067-cf51-4ed8-95f5-cedc41ce9af1", 
            "destination_type": "protocol"
        }, 
        {
            "source_id": "d2df18fe-cb09-4f01-8dc9-0bdfe91550e5", 
            "source_type": "library_preparation_process", 
            "destination_id": "33aa0769-c1cc-434e-a5bb-c166b4fa89df", 
            "destination_type": "file"
        }, 
        {
            "source_id": "d2df18fe-cb09-4f01-8dc9-0bdfe91550e5", 
            "source_type": "library_preparation_process", 
            "destination_id": "2b6f539d-b2a2-445d-8c7e-96e2e525e670", 
            "destination_type": "file"
        }, 
        {
            "source_id": "47551530-cb55-48f3-8afa-6744cc641297", 
            "source_type": "biomaterial", 
            "destination_id": "58cb3079-c313-4e2a-96f6-bb979057eca6", 
            "destination_type": "sequencing_process"
        }, 
        {
            "source_id": "58cb3079-c313-4e2a-96f6-bb979057eca6", 
            "source_type": "sequencing_process", 
            "destination_id": "8d6db096-f623-4e02-ab07-6aefe218c2dd", 
            "destination_type": "protocol"
        }, 
        {
            "source_id": "58cb3079-c313-4e2a-96f6-bb979057eca6", 
            "source_type": "sequencing_process", 
            "destination_id": "33aa0769-c1cc-434e-a5bb-c166b4fa89df", 
            "destination_type": "file"
        }, 
        {
            "source_id": "58cb3079-c313-4e2a-96f6-bb979057eca6", 
            "source_type": "sequencing_process", 
            "destination_id": "2b6f539d-b2a2-445d-8c7e-96e2e525e670", 
            "destination_type": "file"
        }, 
        {
            "source_id": "a7d27b7c-37e4-41a4-a630-b096c8bd1aa4", 
            "source_type": "biomaterial", 
            "destination_id": "6fc87bef-5268-42d1-a27d-a9660194c2fc", 
            "destination_type": "dissociation_process"
        }, 
        {
            "source_id": "6fc87bef-5268-42d1-a27d-a9660194c2fc", 
            "source_type": "dissociation_process", 
            "destination_id": "6a04c2c7-aaa2-4deb-908c-15faadba8775", 
            "destination_type": "protocol"
        }, 
        {
            "source_id": "6fc87bef-5268-42d1-a27d-a9660194c2fc", 
            "source_type": "dissociation_process", 
            "destination_id": "47551530-cb55-48f3-8afa-6744cc641297", 
            "destination_type": "biomaterial"
        }, 
        {
            "source_id": "a7d27b7c-37e4-41a4-a630-b096c8bd1aa4", 
            "source_type": "biomaterial", 
            "destination_id": "dd0b067e-c75a-46e4-b5fd-035ec7c63095", 
            "destination_type": "enrichment_process"
        }, 
        {
            "source_id": "dd0b067e-c75a-46e4-b5fd-035ec7c63095", 
            "source_type": "enrichment_process", 
            "destination_id": "d26b3529-f0cf-4969-8bbc-5e6eb28ab4cc", 
            "destination_type": "protocol"
        }, 
        {
            "source_id": "dd0b067e-c75a-46e4-b5fd-035ec7c63095", 
            "source_type": "enrichment_process", 
            "destination_id": "47551530-cb55-48f3-8afa-6744cc641297", 
            "destination_type": "biomaterial"
        }, 
        {
            "source_id": "c0dc1b0a-f0a6-4171-9315-87a54dfb2197", 
            "source_type": "biomaterial", 
            "destination_id": "d7c48e85-3c6d-4f4d-bac4-b17c6ebe0785", 
            "destination_type": "process"
        }, 
        {
            "source_id": "d7c48e85-3c6d-4f4d-bac4-b17c6ebe0785", 
            "source_type": "process", 
            "destination_id": "a7d27b7c-37e4-41a4-a630-b096c8bd1aa4", 
            "destination_type": "biomaterial"
        }
    ], 
    "describedBy": "https://schema.humancellatlas.org/bundle/1.0.0/links", 
    "schema_version": "1.0.0", 
    "schema_type": "link_bundle"
}