{
    "processes": [
        {
            "content": {
                "nucleic_acid_source": "single cell", 
                "process_core": {
                    "process_id": "TissueDissociationProcess", 
                    "process_name": "Extracting cells from lymph nodes"
                }, 
                "dissociation_method": "mechanical", 
                "describedBy": "https://schema.humancellatlas.org/type/process/biomaterial_collection/5.1.0/dissociation_process", 
                "schema_type": "process"
            }, 
            "hca_ingest": {
                "accession": "", 
                "submissionDate": "2018-03-28T13:51:14.986Z", 
                "updateDate": "2018-03-28T13:51:30.643Z", 
                "document_id": "6fc87bef-5268-42d1-a27d-a9660194c2fc"
            }
        }, 
        {
            "content": {
                "process_core": {
                    "process_id": "sampling_process_14"
                }, 
                "describedBy": "https://schema.humancellatlas.org/type/process/1.0.0/process", 
                "schema_type": "process"
            }, 
            "hca_ingest": {
                "accession": "", 
                "submissionDate": "2018-03-28T13:51:10.815Z", 
                "updateDate": "2018-03-28T13:51:25.629Z", 
                "document_id": "d7c48e85-3c6d-4f4d-bac4-b17c6ebe0785"
            }
        }, 
        {
            "content": {
                "enrichment_method": "FACS", 
                "process_core": {
                    "process_id": "FACS1.5"
                }, 
                "describedBy": "https://schema.humancellatlas.org/type/process/biomaterial_collection/5.1.0/enrichment_process", 
                "markers": "CD45+ CD3e+ CD8a+", 
                "schema_type": "process"
            }, 
            "hca_ingest": {
                "accession": "", 
                "submissionDate": "2018-03-28T13:51:13.098Z", 
                "updateDate": "2018-03-28T13:51:23.716Z", 
                "document_id": "dd0b067e-c75a-46e4-b5fd-035ec7c63095"
            }
        }, 
        {
            "content": {
                "input_nucleic_acid_molecule": {
                    "text": "polyA RNA", 
                    "ontology": "OBI:0000869"
                }, 
                "process_core": {
                    "process_id": "lib_prep_1", 
                    "process_name": "Library preparation process"
                }, 
                "umi_barcode": {
                    "barcode_offset": 0, 
                    "barcode_length": 16, 
                    "barcode_read": "Read 1"
                }, 
                "library_construction_approach": "Smart-seq2", 
                "schema_type": "process", 
                "end_bias": "full length", 
                "primer": "poly-dT", 
                "describedBy": "https://schema.humancellatlas.org/type/process/sequencing/5.1.0/library_preparation_process", 
                "strand": "unstranded"
            }, 
            "hca_ingest": {
                "accession": "", 
                "submissionDate": "2018-03-28T13:51:14.932Z", 
                "updateDate": "2018-03-28T13:51:31.622Z", 
                "document_id": "d2df18fe-cb09-4f01-8dc9-0bdfe91550e5"
            }
        }, 
        {
            "content": {
                "paired_ends": true, 
                "instrument_manufacturer_model": {
                    "text": "Illumina HiSeq 2500", 
                    "ontology": "EFO:0008567"
                }, 
                "process_core": {
                    "process_id": "seq_1", 
                    "process_name": "Sequencing process"
                }, 
                "smartseq2": {
                    "well_name": "A02", 
                    "plate_id": "563"
                }, 
                "schema_type": "process", 
                "describedBy": "https://schema.humancellatlas.org/type/process/sequencing/5.1.0/sequencing_process"
            }, 
            "hca_ingest": {
                "accession": "", 
                "submissionDate": "2018-03-28T13:51:13.054Z", 
                "updateDate": "2018-03-28T13:51:25.779Z", 
                "document_id": "58cb3079-c313-4e2a-96f6-bb979057eca6"
            }
        }
    ], 
    "describedBy": "https://schema.humancellatlas.org/bundle/5.2.1/process", 
    "schema_version": "5.2.1", 
    "schema_type": "process_bundle"
}