{
    "biomaterials": [
        {
            "content": {
                "genus_species": [
                    {
                        "text": "Mus musculus", 
                        "ontology": "NCBITaxon:10090"
                    }
                ], 
                "total_estimated_cells": 1, 
                "target_cell_type": [
                    {
                        "text": "CD8+ T cell", 
                        "ontology": "CL:0000625"
                    }
                ], 
                "schema_type": "biomaterial", 
                "biomaterial_core": {
                    "has_input_biomaterial": "1121_LN", 
                    "ncbi_taxon_id": [
                        10090
                    ], 
                    "biomaterial_id": "22011_1#3"
                }, 
                "describedBy": "https://schema.humancellatlas.org/type/biomaterial/5.1.0/cell_suspension"
            }, 
            "hca_ingest": {
                "accession": "", 
                "submissionDate": "2018-03-28T13:51:08.990Z", 
                "updateDate": "2018-03-28T13:51:23.699Z", 
                "document_id": "47551530-cb55-48f3-8afa-6744cc641297"
            }
        }, 
        {
            "content": {
                "organ": {
                    "text": "lymph node"
                }, 
                "genus_species": [
                    {
                        "text": "Mus musculus", 
                        "ontology": "NCBITaxon:10090"
                    }
                ], 
                "schema_type": "biomaterial", 
                "biomaterial_core": {
                    "has_input_biomaterial": "1121", 
                    "ncbi_taxon_id": [
                        10090
                    ], 
                    "biomaterial_id": "1121_LN", 
                    "supplementary_files": [
                        "FACS_sorting_markers.pdf"
                    ], 
                    "biomaterial_name": "Mouse_day8_LN_rep3"
                }, 
                "organ_part": {
                    "text": "UBERON:0000029"
                }, 
                "describedBy": "https://schema.humancellatlas.org/type/biomaterial/5.1.0/specimen_from_organism"
            }, 
            "hca_ingest": {
                "accession": "", 
                "submissionDate": "2018-03-28T13:51:08.459Z", 
                "updateDate": "2018-03-28T13:51:23.594Z", 
                "document_id": "a7d27b7c-37e4-41a4-a630-b096c8bd1aa4"
            }
        }, 
        {
            "content": {
                "is_living": false, 
                "mus_musculus_specific": {
                    "strain": [
                        {
                            "text": "C57BL/6"
                        }
                    ]
                }, 
                "biological_sex": "female", 
                "genus_species": [
                    {
                        "text": "Mus musculus", 
                        "ontology": "NCBITaxon:10090"
                    }
                ], 
                "disease": [
                    {
                        "text": "subcutaneous melanoma", 
                        "ontology": "EFO:0000756"
                    }
                ], 
                "organism_age": "6-12", 
                "schema_type": "biomaterial", 
                "biomaterial_core": {
                    "ncbi_taxon_id": [
                        10090
                    ], 
                    "biomaterial_id": "1121", 
                    "biomaterial_name": "Mouse_day8_rep3"
                }, 
                "organism_age_unit": {
                    "text": "week", 
                    "ontology": "UO:0000034"
                }, 
                "describedBy": "https://schema.humancellatlas.org/type/biomaterial/5.1.0/donor_organism"
            }, 
            "hca_ingest": {
                "accession": "", 
                "submissionDate": "2018-03-28T13:51:08.593Z", 
                "updateDate": "2018-03-28T13:51:25.009Z", 
                "document_id": "c0dc1b0a-f0a6-4171-9315-87a54dfb2197"
            }
        }
    ], 
    "describedBy": "https://schema.humancellatlas.org/bundle/5.1.0/biomaterial", 
    "schema_version": "5.1.0", 
    "schema_type": "biomaterial_bundle"
}