{
    "content": {
        "describedBy": "https://schema.humancellatlas.org/type/project/5.1.0/project", 
        "project_core": {
            "project_shortname": "Mouse Melanoma", 
            "project_description": "The cancer microenvironment is a complex ecosystem characterized by dynamic interactions between diverse cell types, including malignant, immune and stromal cells. Here, we performed single-cell RNA sequencing on CD45+ and CD45- cells isolated from tumour and lymph nodes during a mouse model of melanoma. The transcriptional profiles of these individual cells taken at different time points coupled with assembled T cell receptor sequences, allowed us to identify distinct immune subpopulations and delineate their developmental trajectory. Our study provides insights into the complex interplay among cells within the tumour microenvironment and presents a valuable resource for future translational applications.", 
            "project_title": "Melanoma infiltration of stromal and immune cells"
        }, 
        "publications": [], 
        "contributors": [
            {
                "country": "UK", 
                "institution": "Wellcome Trust Sanger Institute", 
                "address": "Wellcome Trust Genome Campus, Cambridge UK", 
                "laboratory": "Sarah Teichmann", 
                "contact_name": "Sarah,A,Teichmann", 
                "email": "st9@sanger.ac.uk"
            }, 
            {
                "country": "UK", 
                "institution": "Wellcome Trust Sanger Institute", 
                "address": "Wellcome Trust Genome Campus, Cambridge UK", 
                "laboratory": "Sarah Teichmann", 
                "contact_name": "Mirjana,,Efremova", 
                "email": "me5@sanger.ac.uk"
            }, 
            {
                "country": "UK", 
                "institution": "Wellcome Trust Sanger Institute", 
                "address": "Wellcome Trust Genome Campus, Cambridge UK", 
                "laboratory": "Sarah Teichmann", 
                "contact_name": "Bidesh,,Mahata", 
                "email": "bm11@sanger.ac.uk"
            }, 
            {
                "country": "UK", 
                "institution": "University of Cambridge", 
                "address": "Box 197, Cambridge Biomedical Campus, Cambridge, CB2 0XZ", 
                "laboratory": "MRC Cancer Unit", 
                "contact_name": "Jacqueline,D,Shields", 
                "email": "JS970@MRCCU.cam.ac.uk"
            }, 
            {
                "country": "UK", 
                "institution": "University of Cambridge", 
                "address": "Box 197, Cambridge Biomedical Campus, Cambridge, CB2 0XZ", 
                "laboratory": "MRC Cancer Unit", 
                "contact_name": "Sarah,,Davidson", 
                "email": "SED49@MRCCU.cam.ac.uk"
            }, 
            {
                "country": "Germany", 
                "contact_name": "Angela,,Riedel", 
                "email": "a.riedel@dkfz-heidelberg.de", 
                "institution": "DKFZ German Cancer Research Center"
            }, 
            {
                "country": "UK", 
                "institution": "Wellcome Trust Sanger Institute", 
                "address": "Wellcome Trust Genome Campus, Cambridge UK", 
                "laboratory": "Sarah Teichmann", 
                "contact_name": "Roser,,Veno-Tormo", 
                "email": "rv4@sanger.ac.uk"
            }, 
            {
                "country": "UK", 
                "institution": "Wellcome Trust Sanger Institute", 
                "address": "Wellcome Trust Genome Campus, Cambridge UK", 
                "laboratory": "Sarah Teichmann", 
                "contact_name": "Jhuma,,Pramanik", 
                "email": "jp19@sanger.ac.uk"
            }, 
            {
                "country": "UK", 
                "institution": "EMBL-EBI", 
                "address": "Wellcome Trust Genome Campus, Cambridge UK", 
                "laboratory": "Sarah Teichmann", 
                "contact_name": "Gozde,,Kar", 
                "email": "gkar@ebi.ac.uk"
            }, 
            {
                "country": "Finland", 
                "contact_name": "Jani,,Huuhtanen", 
                "email": "jani.huuhtanen@helsinki.fi", 
                "institution": "University of Helsinki"
            }
        ], 
        "schema_type": "project"
    }, 
    "hca_ingest": {
        "accession": "", 
        "submissionDate": "2018-03-28T13:51:08.085Z", 
        "updateDate": "2018-03-28T13:51:15.475Z", 
        "document_id": "a9284a42-b7b8-4255-9536-2c731bdc0ad5"
    }, 
    "describedBy": "https://schema.humancellatlas.org/bundle/5.1.0/project", 
    "schema_version": "5.1.0", 
    "schema_type": "project_bundle"
}