{
    "files": [
        {
            "content": {
                "file_core": {
                    "file_name": "22011_1#3_1.fastq.gz", 
                    "file_format": "fastq.gz"
                }, 
                "lane_index": 1, 
                "read_index": "read1", 
                "describedBy": "https://schema.humancellatlas.org/type/file/5.1.0/sequence_file", 
                "schema_type": "file"
            }, 
            "hca_ingest": {
                "submissionDate": "2018-03-28T13:51:12.920Z", 
                "document_id": "33aa0769-c1cc-434e-a5bb-c166b4fa89df"
            }
        }, 
        {
            "content": {
                "file_core": {
                    "file_name": "22011_1#3_2.fastq.gz", 
                    "file_format": "fastq.gz"
                }, 
                "lane_index": 1, 
                "read_index": "read2", 
                "describedBy": "https://schema.humancellatlas.org/type/file/5.1.0/sequence_file", 
                "schema_type": "file"
            }, 
            "hca_ingest": {
                "submissionDate": "2018-03-28T13:51:12.929Z", 
                "document_id": "2b6f539d-b2a2-445d-8c7e-96e2e525e670"
            }
        }
    ], 
    "describedBy": "https://schema.humancellatlas.org/bundle/1.0.0/file", 
    "schema_version": "1.0.0", 
    "schema_type": "file_bundle"
}